{@ 𝐙 ;
𝐙 ;
𝐙}%ty
     : ty
ν {@ val "a" = vint 0 }
     : vl_
μ {@ type "A" >: 𝐙 <: ⊤ }
     : ty
μ {@ val "a" : 𝐙  }
     : ty
μ {@ type "A" >: 𝐙 <: ⊤ ;
  val "a" : 𝐙 
   ;
  val "b" : 𝐙 
  }
     : ty
()%E
     : vl_
()%E
     : vl_
ν {@ val "a" = vint 0 }
     : vl_
ν {@ val "a" = vint 0;
  val "b" = vint 1}
     : vl_
x0 @; "A"
     : ty
(x0 @ "A" @ "B") @; "C"
     : ty
x0 @ "A"
     : path
(x0 @ "A" @ "B") @; "C"
     : ty
(val "symb" : (x0 @ "symbols") @; "Symbol" )%ty
     : ty
ta = λ v : tm, (v > vint 0)%E
     : tm → tm

Arguments ta _%expr_scope
tb = λ v : tm, (v > vint 0)%E
     : tm → tm

Arguments tb _%expr_scope
ν {@ type "A" = (σ2; 1) }
     : vl_
ν {@ val "a" = vint 0;
  type "A" = (σ2; 1)}
     : vl_
ν {@ val "a" = vint 0;
  type "A" = (σ2; 1)}
     : vl_
hanyToNothing = hclose (⊤ →: ⊥)
     : ty
hloopDefT = (val "loop" : ⊤ →: ⊥ )%HS
     : hty
The command has indeed failed with message:
Found type "vl" where "hvl" was expected.
hvint 0%nat : htm
     : htm
(hvint 2%nat > hvint 1%nat)%HS
     : htm
(hvint 1%nat > hvint 2%nat)%HS
     : htm
(hvint 1%nat ≥ hvint 2%nat)%HS
     : htm
(hvint 1%nat > hvint 0%nat)%HS
     : htm
     = TAll TInt (TMu (TAnd (TSing DBNotation.x1) (TSing DBNotation.x0)))
     : ty
     = λ (a1 : nat → ty) (a2 : (nat → vl_) → nat → ty) (i : nat),
         TAll (a1 i) (a2 (λ x : nat, vvar (x - i.+1)) i.+1)
     : hty → (hvl → hty) → hty
     = TAnd TInt (TAnd TInt (TAnd TInt TTop))
     : ty
     = vabs DBNotation.x0
     : vl
     = vabs (vabs (tapp DBNotation.x1 DBNotation.x0))
     : tm
