Axioms:
functional_extensionality_dep
  : ∀ (A : Type) (B : A → Type) (f g : ∀ x : A, B x),
      (∀ x : A, f x = g x) → f = g
Axioms:
functional_extensionality_dep
  : ∀ (A : Type) (B : A → Type) (f g : ∀ x : A, B x),
      (∀ x : A, f x = g x) → f = g
Axioms:
functional_extensionality_dep
  : ∀ (A : Type) (B : A → Type) (f g : ∀ x : A, B x),
      (∀ x : A, f x = g x) → f = g
Axioms:
functional_extensionality_dep
  : ∀ (A : Type) (B : A → Type) (f g : ∀ x : A, B x),
      (∀ x : A, f x = g x) → f = g
Axioms:
functional_extensionality_dep
  : ∀ (A : Type) (B : A → Type) (f g : ∀ x : A, B x),
      (∀ x : A, f x = g x) → f = g
Axioms:
functional_extensionality_dep
  : ∀ (A : Type) (B : A → Type) (f g : ∀ x : A, B x),
      (∀ x : A, f x = g x) → f = g
Axioms:
functional_extensionality_dep
  : ∀ (A : Type) (B : A → Type) (f g : ∀ x : A, B x),
      (∀ x : A, f x = g x) → f = g
